sections
0880 - 269f : DATA, code
269f - 283c : DATA, data
283c - 3100 : BSS, bss
3100 - 9000 : HEAP, heap
9000 - 9f84 : STACK, stack
00f7 - 00f7 : ZEROPAGE, zeropage
0801 - 0853 : DATA, startup
9ff0 - a000 : SSTACK, sstack
9ff0 - 9ff0 : SSTACK, putpch@stack
9ff0 - 9ff0 : SSTACK, putchar@stack
9ff0 - 9ff0 : SSTACK, clrscr@stack
9ff0 - 9ff0 : SSTACK, gotoxy@stack
9ff0 - 9ff0 : SSTACK, puts@stack
9fe0 - 9ff0 : SSTACK, nformi@stack
9fe0 - 9ff0 : SSTACK, nforml@stack
9ff0 - 9ff0 : SSTACK, isinf@stack
9fe7 - 9ff0 : SSTACK, nformf@stack
9fce - 9fe0 : SSTACK, sformat@stack
9f9c - 9fce : SSTACK, printf@stack
9f98 - 9f9c : SSTACK, draw_poem@stack
9ff0 - 9ff0 : SSTACK, putch@stack
9ff0 - 9ff0 : SSTACK, draw_divider@stack
9ff0 - 9ff0 : SSTACK, draw_clock_bg@stack
9ff0 - 9ff0 : SSTACK, uii_settarget@stack
9ff0 - 9ff0 : SSTACK, uii_sendcommand@stack
9ff0 - 9ff0 : SSTACK, uii_isdataavailable@stack
9ff0 - 9ff0 : SSTACK, uii_readdata@stack
9ff0 - 9ff0 : SSTACK, uii_isstatusdataavailable@stack
9ff0 - 9ff0 : SSTACK, uii_readstatus@stack
9ff0 - 9ff0 : SSTACK, uii_accept@stack
9fee - 9ff0 : SSTACK, uii_get_time@stack
9ff0 - 9ff0 : SSTACK, restore_bg@stack
9fd8 - 9ff0 : SSTACK, draw_hand@stack
9f84 - 9f98 : SSTACK, main@stack

regions
00f7 - 00ff : 0000, 0000, zeropage
0801 - 0880 : 0853, 0052, startup
0880 - 9000 : 283c, 2880, main

objects
00f7 - 00f7 : ZeroStart, START:zeropage
00f7 - 00f7 : ZeroEnd, END:zeropage
0801 - 0853 : startup, NATIVE_CODE:startup
0880 - 0c76 : main, NATIVE_CODE:code
0c76 - 0cd9 : putpch, NATIVE_CODE:code
0cd9 - 0ce3 : clrscr, NATIVE_CODE:code
0ce3 - 0cec : gotoxy, NATIVE_CODE:code
0cec - 0d14 : printf, NATIVE_CODE:code
0d14 - 1155 : sformat, NATIVE_CODE:code
1155 - 1168 : puts, NATIVE_CODE:code
1168 - 1283 : nformi, NATIVE_CODE:code
1283 - 13cd : nforml, NATIVE_CODE:code
13cd - 1931 : nformf, NATIVE_CODE:code
1931 - 1940 : isinf, NATIVE_CODE:code
1940 - 1965 : *, DATA:code
1965 - 19c7 : draw_poem, NATIVE_CODE:code
19c7 - 19d8 : *, DATA:code
19d8 - 19e8 : *, DATA:code
19e8 - 19f9 : *, DATA:code
19f9 - 1a0a : *, DATA:code
1a0a - 1a1b : *, DATA:code
1a1b - 1a2c : *, DATA:code
1a2c - 1a3d : *, DATA:code
1a3d - 1a4e : *, DATA:code
1a4e - 1a5f : *, DATA:code
1a5f - 1a70 : *, DATA:code
1a70 - 1a81 : *, DATA:code
1a81 - 1a92 : *, DATA:code
1a92 - 1aa3 : *, DATA:code
1aa3 - 1ab4 : *, DATA:code
1ab4 - 1ac5 : *, DATA:code
1ac5 - 1ad6 : *, DATA:code
1ad6 - 1ae7 : *, DATA:code
1ae7 - 1af8 : *, DATA:code
1af8 - 1b09 : *, DATA:code
1b09 - 1b1a : *, DATA:code
1b1a - 1b2b : *, DATA:code
1b2b - 1b3c : *, DATA:code
1b3c - 1b4d : *, DATA:code
1b4d - 1b5e : *, DATA:code
1b5e - 1b64 : *, DATA:code
1b64 - 1b83 : draw_divider, NATIVE_CODE:code
1b83 - 1c3a : draw_clock_bg, NATIVE_CODE:code
1c3a - 1c63 : uii_get_time, NATIVE_CODE:code
1c63 - 1cfd : uii_sendcommand, NATIVE_CODE:code
1cfd - 1d56 : uii_readdata, NATIVE_CODE:code
1d56 - 1d71 : uii_isdataavailable, NATIVE_CODE:code
1d71 - 1dae : uii_readstatus, NATIVE_CODE:code
1dae - 1dcc : uii_isstatusdataavailable, NATIVE_CODE:code
1dcc - 1def : uii_accept, NATIVE_CODE:code
1def - 1efd : restore_bg, NATIVE_CODE:code
1efd - 208b : draw_hand, NATIVE_CODE:code
208b - 2093 : *, DATA:code
2093 - 20a2 : *, DATA:code
20a2 - 20b1 : *, DATA:code
20b1 - 20e7 : mul32by8, NATIVE_CODE:code
20e7 - 212c : freg, NATIVE_CODE:code
212c - 2219 : faddsub, NATIVE_CODE:code
2219 - 22b3 : crt_fmul, NATIVE_CODE:code
22b3 - 22e1 : crt_fmul8, NATIVE_CODE:code
22e1 - 238f : crt_fdiv, NATIVE_CODE:code
238f - 23ad : divs16, NATIVE_CODE:code
23ad - 23bb : negaccu, NATIVE_CODE:code
23bb - 23c9 : negtmp, NATIVE_CODE:code
23c9 - 244e : divmod, NATIVE_CODE:code
244e - 246d : mods16, NATIVE_CODE:code
246d - 247b : negtmpb, NATIVE_CODE:code
247b - 24c7 : f32_to_i16, NATIVE_CODE:code
24c7 - 24e5 : sint16_to_float, NATIVE_CODE:code
24e5 - 250e : uint16_to_float, NATIVE_CODE:code
250e - 2576 : mul32, NATIVE_CODE:code
2576 - 2594 : divs32, NATIVE_CODE:code
2594 - 25ae : negaccu32, NATIVE_CODE:code
25ae - 25c8 : negtmp32, NATIVE_CODE:code
25c8 - 269f : divmod32, NATIVE_CODE:code
269f - 26a0 : spentry, DATA:data
26a0 - 26a1 : giocharmap, DATA:data
26a1 - 26bd : fround5, DATA:data
26bd - 26ef : poem, DATA:data
26ef - 26fb : tick_x, DATA:data
26fb - 26fc : uii_target, DATA:data
26fc - 26fe : statusreg, DATA:data
26fe - 2700 : cmddatareg, DATA:data
2700 - 2748 : ring_x, DATA:data
2748 - 2790 : ring_y, DATA:data
2790 - 279c : tick_y, DATA:data
279c - 279e : controlreg, DATA:data
279e - 27a0 : respdatareg, DATA:data
27a0 - 27a2 : statusdatareg, DATA:data
27a2 - 27a4 : old_valid, DATA:data
27a4 - 27e0 : cos60, DATA:data
27e0 - 27fe : old_hx, DATA:bss
2800 - 283c : sin60, DATA:data
283c - 2f3c : uii_data, DATA:bss
283c - 283c : BSSStart, START:bss
2f3c - 2f5a : old_hy, DATA:bss
3000 - 3100 : uii_status, DATA:bss
3100 - 3100 : BSSEnd, END:bss
9f84 - 9f84 : StackEnd, END:stack
9f84 - 9f98 : main@stack, BSS:main@stack
9f98 - 9f9c : draw_poem@stack, BSS:draw_poem@stack
9f9c - 9fce : buff, BSS:printf@stack
9fce - 9fd8 : sformat@stack, BSS:sformat@stack
9fd8 - 9ff0 : draw_hand@stack, BSS:draw_hand@stack
9fd8 - 9fe0 : si, BSS:sformat@stack
9fe0 - 9ff0 : buffer, BSS:nformi@stack
9fe0 - 9ff0 : buffer, BSS:nforml@stack
9fe7 - 9ff0 : nformf@stack, BSS:nformf@stack
9fee - 9ff0 : cmd, BSS:uii_get_time@stack
9ff0 - a000 : sstack, STACK:sstack

objects by size
283c (0700) : uii_data, DATA:bss
13cd (0564) : nformf, NATIVE_CODE:code
0d14 (0441) : sformat, NATIVE_CODE:code
0880 (03f6) : main, NATIVE_CODE:code
1efd (018e) : draw_hand, NATIVE_CODE:code
1283 (014a) : nforml, NATIVE_CODE:code
1168 (011b) : nformi, NATIVE_CODE:code
1def (010e) : restore_bg, NATIVE_CODE:code
3000 (0100) : uii_status, DATA:bss
212c (00ed) : faddsub, NATIVE_CODE:code
25c8 (00d7) : divmod32, NATIVE_CODE:code
1b83 (00b7) : draw_clock_bg, NATIVE_CODE:code
22e1 (00ae) : crt_fdiv, NATIVE_CODE:code
1c63 (009a) : uii_sendcommand, NATIVE_CODE:code
2219 (009a) : crt_fmul, NATIVE_CODE:code
23c9 (0085) : divmod, NATIVE_CODE:code
250e (0068) : mul32, NATIVE_CODE:code
0c76 (0063) : putpch, NATIVE_CODE:code
1965 (0062) : draw_poem, NATIVE_CODE:code
1cfd (0059) : uii_readdata, NATIVE_CODE:code
0801 (0052) : startup, NATIVE_CODE:startup
247b (004c) : f32_to_i16, NATIVE_CODE:code
2700 (0048) : ring_x, DATA:data
2748 (0048) : ring_y, DATA:data
20e7 (0045) : freg, NATIVE_CODE:code
1d71 (003d) : uii_readstatus, NATIVE_CODE:code
27a4 (003c) : cos60, DATA:data
2800 (003c) : sin60, DATA:data
20b1 (0036) : mul32by8, NATIVE_CODE:code
26bd (0032) : poem, DATA:data
9f9c (0032) : buff, BSS:printf@stack
22b3 (002e) : crt_fmul8, NATIVE_CODE:code
1c3a (0029) : uii_get_time, NATIVE_CODE:code
24e5 (0029) : uint16_to_float, NATIVE_CODE:code
0cec (0028) : printf, NATIVE_CODE:code
1dcc (0023) : uii_accept, NATIVE_CODE:code
1b64 (001f) : draw_divider, NATIVE_CODE:code
244e (001f) : mods16, NATIVE_CODE:code
1dae (001e) : uii_isstatusdataavailable, NATIVE_CODE:code
238f (001e) : divs16, NATIVE_CODE:code
24c7 (001e) : sint16_to_float, NATIVE_CODE:code
2576 (001e) : divs32, NATIVE_CODE:code
27e0 (001e) : old_hx, DATA:bss
2f3c (001e) : old_hy, DATA:bss
26a1 (001c) : fround5, DATA:data
1d56 (001b) : uii_isdataavailable, NATIVE_CODE:code
2594 (001a) : negaccu32, NATIVE_CODE:code
25ae (001a) : negtmp32, NATIVE_CODE:code
9fd8 (0018) : draw_hand@stack, BSS:draw_hand@stack
9f84 (0014) : main@stack, BSS:main@stack
1155 (0013) : puts, NATIVE_CODE:code
9fe0 (0010) : buffer, BSS:nformi@stack
9fe0 (0010) : buffer, BSS:nforml@stack
9ff0 (0010) : sstack, STACK:sstack
1931 (000f) : isinf, NATIVE_CODE:code
23ad (000e) : negaccu, NATIVE_CODE:code
23bb (000e) : negtmp, NATIVE_CODE:code
246d (000e) : negtmpb, NATIVE_CODE:code
26ef (000c) : tick_x, DATA:data
2790 (000c) : tick_y, DATA:data
0cd9 (000a) : clrscr, NATIVE_CODE:code
9fce (000a) : sformat@stack, BSS:sformat@stack
0ce3 (0009) : gotoxy, NATIVE_CODE:code
9fe7 (0009) : nformf@stack, BSS:nformf@stack
9fd8 (0008) : si, BSS:sformat@stack
9f98 (0004) : draw_poem@stack, BSS:draw_poem@stack
26fc (0002) : statusreg, DATA:data
26fe (0002) : cmddatareg, DATA:data
279c (0002) : controlreg, DATA:data
279e (0002) : respdatareg, DATA:data
27a0 (0002) : statusdatareg, DATA:data
27a2 (0002) : old_valid, DATA:data
9fee (0002) : cmd, BSS:uii_get_time@stack
269f (0001) : spentry, DATA:data
26a0 (0001) : giocharmap, DATA:data
26fb (0001) : uii_target, DATA:data
00f7 (0000) : ZeroStart, START:zeropage
00f7 (0000) : ZeroEnd, END:zeropage
283c (0000) : BSSStart, START:bss
3100 (0000) : BSSEnd, END:bss
9f84 (0000) : StackEnd, END:stack
