sections
0880 - 1cb9 : DATA, code
1cb9 - 1ce4 : DATA, data
1ce4 - 2500 : BSS, bss
2500 - 9000 : HEAP, heap
9000 - 9fa0 : STACK, stack
00f7 - 00f7 : ZEROPAGE, zeropage
0801 - 0853 : DATA, startup
9ff4 - a000 : SSTACK, sstack
9ff4 - 9ff4 : SSTACK, putpch@stack
9ff4 - 9ff4 : SSTACK, puts@stack
9fe4 - 9ff4 : SSTACK, nformi@stack
9fe4 - 9ff4 : SSTACK, nforml@stack
9ff4 - 9ff4 : SSTACK, isinf@stack
9feb - 9ff4 : SSTACK, nformf@stack
9fd2 - 9fe4 : SSTACK, sformat@stack
9fa0 - 9fd2 : SSTACK, printf@stack
9ff4 - 9ff4 : SSTACK, rand@stack
9ff4 - 9ff4 : SSTACK, uii_settarget@stack
9ff4 - 9ff4 : SSTACK, uii_sendcommand@stack
9ff4 - 9ff4 : SSTACK, uii_isdataavailable@stack
9ff4 - 9ff4 : SSTACK, uii_readdata@stack
9ff4 - 9ff4 : SSTACK, uii_isstatusdataavailable@stack
9ff4 - 9ff4 : SSTACK, uii_readstatus@stack
9ff4 - 9ff4 : SSTACK, uii_accept@stack
9ff2 - 9ff4 : SSTACK, uii_identify@stack
9ff4 - 9ff4 : SSTACK, convch@stack
9ff4 - 9ff4 : SSTACK, getpch@stack
9ff4 - 9ff4 : SSTACK, getchar@stack
9ff2 - 9ff4 : SSTACK, uii_get_time@stack
9fa0 - 9fa0 : SSTACK, main@stack

regions
00f7 - 00ff : 0000, 0000, zeropage
0801 - 0880 : 0853, 0052, startup
0880 - 9000 : 1ce4, 1c80, main

objects
00f7 - 00f7 : ZeroEnd, END:zeropage
00f7 - 00f7 : ZeroStart, START:zeropage
0801 - 0853 : startup, NATIVE_CODE:startup
0880 - 08bd : main, NATIVE_CODE:code
08bd - 08e5 : printf, NATIVE_CODE:code
08e5 - 0d26 : sformat, NATIVE_CODE:code
0d26 - 0d39 : puts, NATIVE_CODE:code
0d39 - 0d9c : putpch, NATIVE_CODE:code
0d9c - 0eb7 : nformi, NATIVE_CODE:code
0eb7 - 1001 : nforml, NATIVE_CODE:code
1001 - 1565 : nformf, NATIVE_CODE:code
1565 - 1574 : isinf, NATIVE_CODE:code
1574 - 1578 : *, DATA:code
1578 - 159f : rand, NATIVE_CODE:code
159f - 15c6 : uii_identify, NATIVE_CODE:code
15c6 - 1660 : uii_sendcommand, NATIVE_CODE:code
1660 - 16b9 : uii_readdata, NATIVE_CODE:code
16b9 - 16d4 : uii_isdataavailable, NATIVE_CODE:code
16d4 - 1711 : uii_readstatus, NATIVE_CODE:code
1711 - 172f : uii_isstatusdataavailable, NATIVE_CODE:code
172f - 1752 : uii_accept, NATIVE_CODE:code
1752 - 1756 : *, DATA:code
1756 - 1760 : getpch, NATIVE_CODE:code
1760 - 1792 : convch, NATIVE_CODE:code
1792 - 17bb : uii_get_time, NATIVE_CODE:code
17bb - 1800 : freg, NATIVE_CODE:code
1800 - 18ed : faddsub, NATIVE_CODE:code
18ed - 1987 : crt_fmul, NATIVE_CODE:code
1987 - 19b5 : crt_fmul8, NATIVE_CODE:code
19b5 - 1a63 : crt_fdiv, NATIVE_CODE:code
1a63 - 1a81 : divs16, NATIVE_CODE:code
1a81 - 1a8f : negaccu, NATIVE_CODE:code
1a8f - 1a9d : negtmp, NATIVE_CODE:code
1a9d - 1b22 : divmod, NATIVE_CODE:code
1b22 - 1b41 : mods16, NATIVE_CODE:code
1b41 - 1b4f : negtmpb, NATIVE_CODE:code
1b4f - 1b9b : f32_to_i16, NATIVE_CODE:code
1b9b - 1bb9 : sint16_to_float, NATIVE_CODE:code
1bb9 - 1be2 : uint16_to_float, NATIVE_CODE:code
1be2 - 1cb9 : divmod32, NATIVE_CODE:code
1cb9 - 1cba : spentry, DATA:data
1cba - 1cbb : giocharmap, DATA:data
1cbb - 1cd7 : fround5, DATA:data
1cd7 - 1cd9 : seed, DATA:data
1cd9 - 1cda : uii_target, DATA:data
1cda - 1cdc : statusreg, DATA:data
1cdc - 1cde : cmddatareg, DATA:data
1cde - 1ce0 : controlreg, DATA:data
1ce0 - 1ce2 : respdatareg, DATA:data
1ce2 - 1ce4 : statusdatareg, DATA:data
1ce4 - 23e4 : uii_data, DATA:bss
1ce4 - 1ce4 : BSSStart, START:bss
2400 - 2500 : uii_status, DATA:bss
2500 - 2500 : BSSEnd, END:bss
9fa0 - 9fd2 : buff, BSS:printf@stack
9fa0 - 9fa0 : StackEnd, END:stack
9fd2 - 9fdc : sformat@stack, BSS:sformat@stack
9fdc - 9fe4 : si, BSS:sformat@stack
9fe4 - 9ff4 : buffer, BSS:nformi@stack
9fe4 - 9ff4 : buffer, BSS:nforml@stack
9feb - 9ff4 : nformf@stack, BSS:nformf@stack
9ff2 - 9ff4 : cmd, BSS:uii_get_time@stack
9ff2 - 9ff4 : cmd, BSS:uii_identify@stack
9ff4 - a000 : sstack, STACK:sstack

objects by size
1ce4 (0700) : uii_data, DATA:bss
1001 (0564) : nformf, NATIVE_CODE:code
08e5 (0441) : sformat, NATIVE_CODE:code
0eb7 (014a) : nforml, NATIVE_CODE:code
0d9c (011b) : nformi, NATIVE_CODE:code
2400 (0100) : uii_status, DATA:bss
1800 (00ed) : faddsub, NATIVE_CODE:code
1be2 (00d7) : divmod32, NATIVE_CODE:code
19b5 (00ae) : crt_fdiv, NATIVE_CODE:code
15c6 (009a) : uii_sendcommand, NATIVE_CODE:code
18ed (009a) : crt_fmul, NATIVE_CODE:code
1a9d (0085) : divmod, NATIVE_CODE:code
0d39 (0063) : putpch, NATIVE_CODE:code
1660 (0059) : uii_readdata, NATIVE_CODE:code
0801 (0052) : startup, NATIVE_CODE:startup
1b4f (004c) : f32_to_i16, NATIVE_CODE:code
17bb (0045) : freg, NATIVE_CODE:code
0880 (003d) : main, NATIVE_CODE:code
16d4 (003d) : uii_readstatus, NATIVE_CODE:code
1760 (0032) : convch, NATIVE_CODE:code
9fa0 (0032) : buff, BSS:printf@stack
1987 (002e) : crt_fmul8, NATIVE_CODE:code
1792 (0029) : uii_get_time, NATIVE_CODE:code
1bb9 (0029) : uint16_to_float, NATIVE_CODE:code
08bd (0028) : printf, NATIVE_CODE:code
1578 (0027) : rand, NATIVE_CODE:code
159f (0027) : uii_identify, NATIVE_CODE:code
172f (0023) : uii_accept, NATIVE_CODE:code
1b22 (001f) : mods16, NATIVE_CODE:code
1711 (001e) : uii_isstatusdataavailable, NATIVE_CODE:code
1a63 (001e) : divs16, NATIVE_CODE:code
1b9b (001e) : sint16_to_float, NATIVE_CODE:code
1cbb (001c) : fround5, DATA:data
16b9 (001b) : uii_isdataavailable, NATIVE_CODE:code
0d26 (0013) : puts, NATIVE_CODE:code
9fe4 (0010) : buffer, BSS:nformi@stack
9fe4 (0010) : buffer, BSS:nforml@stack
1565 (000f) : isinf, NATIVE_CODE:code
1a81 (000e) : negaccu, NATIVE_CODE:code
1a8f (000e) : negtmp, NATIVE_CODE:code
1b41 (000e) : negtmpb, NATIVE_CODE:code
9ff4 (000c) : sstack, STACK:sstack
1756 (000a) : getpch, NATIVE_CODE:code
9fd2 (000a) : sformat@stack, BSS:sformat@stack
9feb (0009) : nformf@stack, BSS:nformf@stack
9fdc (0008) : si, BSS:sformat@stack
1cd7 (0002) : seed, DATA:data
1cda (0002) : statusreg, DATA:data
1cdc (0002) : cmddatareg, DATA:data
1cde (0002) : controlreg, DATA:data
1ce0 (0002) : respdatareg, DATA:data
1ce2 (0002) : statusdatareg, DATA:data
9ff2 (0002) : cmd, BSS:uii_get_time@stack
9ff2 (0002) : cmd, BSS:uii_identify@stack
1cb9 (0001) : spentry, DATA:data
1cba (0001) : giocharmap, DATA:data
1cd9 (0001) : uii_target, DATA:data
00f7 (0000) : ZeroEnd, END:zeropage
00f7 (0000) : ZeroStart, START:zeropage
1ce4 (0000) : BSSStart, START:bss
2500 (0000) : BSSEnd, END:bss
9fa0 (0000) : StackEnd, END:stack
