sections
0880 - 1a5b : DATA, code
1a5b - 1a79 : DATA, data
1a79 - 1a79 : BSS, bss
1a80 - 9000 : HEAP, heap
9000 - 9fa0 : STACK, stack
00f7 - 00f7 : ZEROPAGE, zeropage
0801 - 0853 : DATA, startup
9ff4 - a000 : SSTACK, sstack
9ff4 - 9ff4 : SSTACK, putpch@stack
9ff4 - 9ff4 : SSTACK, putchar@stack
9ff4 - 9ff4 : SSTACK, puts@stack
9fe4 - 9ff4 : SSTACK, nformi@stack
9fe4 - 9ff4 : SSTACK, nforml@stack
9ff4 - 9ff4 : SSTACK, isinf@stack
9feb - 9ff4 : SSTACK, nformf@stack
9fd2 - 9fe4 : SSTACK, sformat@stack
9fa0 - 9fd2 : SSTACK, printf@stack
9fa0 - 9fa0 : SSTACK, main@stack

regions
00f7 - 00ff : 0000, 0000, zeropage
0801 - 0880 : 0853, 0052, startup
0880 - 9000 : 1a79, 11f9, main

objects
00f7 - 00f7 : ZeroEnd, END:zeropage
00f7 - 00f7 : ZeroStart, START:zeropage
0801 - 0853 : startup, NATIVE_CODE:startup
0880 - 0899 : main, NATIVE_CODE:code
0899 - 08fc : putpch, NATIVE_CODE:code
08fc - 0924 : printf, NATIVE_CODE:code
0924 - 0d65 : sformat, NATIVE_CODE:code
0d65 - 0d78 : puts, NATIVE_CODE:code
0d78 - 0e93 : nformi, NATIVE_CODE:code
0e93 - 0fdd : nforml, NATIVE_CODE:code
0fdd - 1541 : nformf, NATIVE_CODE:code
1541 - 1550 : isinf, NATIVE_CODE:code
1550 - 155d : *, DATA:code
155d - 15a2 : freg, NATIVE_CODE:code
15a2 - 168f : faddsub, NATIVE_CODE:code
168f - 1729 : crt_fmul, NATIVE_CODE:code
1729 - 1757 : crt_fmul8, NATIVE_CODE:code
1757 - 1805 : crt_fdiv, NATIVE_CODE:code
1805 - 1823 : divs16, NATIVE_CODE:code
1823 - 1831 : negaccu, NATIVE_CODE:code
1831 - 183f : negtmp, NATIVE_CODE:code
183f - 18c4 : divmod, NATIVE_CODE:code
18c4 - 18e3 : mods16, NATIVE_CODE:code
18e3 - 18f1 : negtmpb, NATIVE_CODE:code
18f1 - 193d : f32_to_i16, NATIVE_CODE:code
193d - 195b : sint16_to_float, NATIVE_CODE:code
195b - 1984 : uint16_to_float, NATIVE_CODE:code
1984 - 1a5b : divmod32, NATIVE_CODE:code
1a5b - 1a5c : spentry, DATA:data
1a5c - 1a5d : giocharmap, DATA:data
1a5d - 1a79 : fround5, DATA:data
1a79 - 1a79 : BSSEnd, END:bss
1a79 - 1a79 : BSSStart, START:bss
9fa0 - 9fa0 : StackEnd, END:stack
9fa0 - 9fd2 : buff, BSS:printf@stack
9fd2 - 9fdc : sformat@stack, BSS:sformat@stack
9fdc - 9fe4 : si, BSS:sformat@stack
9fe4 - 9ff4 : buffer, BSS:nforml@stack
9fe4 - 9ff4 : buffer, BSS:nformi@stack
9feb - 9ff4 : nformf@stack, BSS:nformf@stack
9ff4 - a000 : sstack, STACK:sstack

objects by size
0fdd (0564) : nformf, NATIVE_CODE:code
0924 (0441) : sformat, NATIVE_CODE:code
0e93 (014a) : nforml, NATIVE_CODE:code
0d78 (011b) : nformi, NATIVE_CODE:code
15a2 (00ed) : faddsub, NATIVE_CODE:code
1984 (00d7) : divmod32, NATIVE_CODE:code
1757 (00ae) : crt_fdiv, NATIVE_CODE:code
168f (009a) : crt_fmul, NATIVE_CODE:code
183f (0085) : divmod, NATIVE_CODE:code
0899 (0063) : putpch, NATIVE_CODE:code
0801 (0052) : startup, NATIVE_CODE:startup
18f1 (004c) : f32_to_i16, NATIVE_CODE:code
155d (0045) : freg, NATIVE_CODE:code
9fa0 (0032) : buff, BSS:printf@stack
1729 (002e) : crt_fmul8, NATIVE_CODE:code
195b (0029) : uint16_to_float, NATIVE_CODE:code
08fc (0028) : printf, NATIVE_CODE:code
18c4 (001f) : mods16, NATIVE_CODE:code
1805 (001e) : divs16, NATIVE_CODE:code
193d (001e) : sint16_to_float, NATIVE_CODE:code
1a5d (001c) : fround5, DATA:data
0880 (0019) : main, NATIVE_CODE:code
0d65 (0013) : puts, NATIVE_CODE:code
9fe4 (0010) : buffer, BSS:nforml@stack
9fe4 (0010) : buffer, BSS:nformi@stack
1541 (000f) : isinf, NATIVE_CODE:code
1823 (000e) : negaccu, NATIVE_CODE:code
1831 (000e) : negtmp, NATIVE_CODE:code
18e3 (000e) : negtmpb, NATIVE_CODE:code
9ff4 (000c) : sstack, STACK:sstack
9fd2 (000a) : sformat@stack, BSS:sformat@stack
9feb (0009) : nformf@stack, BSS:nformf@stack
9fdc (0008) : si, BSS:sformat@stack
1a5b (0001) : spentry, DATA:data
1a5c (0001) : giocharmap, DATA:data
00f7 (0000) : ZeroEnd, END:zeropage
00f7 (0000) : ZeroStart, START:zeropage
1a79 (0000) : BSSEnd, END:bss
1a79 (0000) : BSSStart, START:bss
9fa0 (0000) : StackEnd, END:stack
