sections
0880 - 1cdb : DATA, code
1cdb - 1d38 : DATA, data
1d38 - 1ee0 : BSS, bss
1ee0 - 9000 : HEAP, heap
9000 - 9fe4 : STACK, stack
00f7 - 00f7 : ZEROPAGE, zeropage
0801 - 0853 : DATA, startup
9ff2 - a000 : SSTACK, sstack
9ff2 - 9ff2 : SSTACK, mmap_trampoline@stack
9ff2 - 9ff2 : SSTACK, memset@stack
9ff2 - 9ff2 : SSTACK, vic_setmode@stack
9ff2 - 9ff2 : SSTACK, bm_init@stack
9ff2 - 9ff2 : SSTACK, init@stack
9ff2 - 9ff2 : SSTACK, sin@stack
9ff2 - 9ff2 : SSTACK, cos@stack
9ff2 - 9ff2 : SSTACK, lmuldiv16s@stack
9ff2 - 9ff2 : SSTACK, bmu_line@stack
9fe4 - 9ff2 : SSTACK, bm_line@stack
9fe4 - 9fe4 : SSTACK, draw@stack
9ff2 - 9ff2 : SSTACK, convch@stack
9ff2 - 9ff2 : SSTACK, getch@stack
9ff2 - 9ff2 : SSTACK, done@stack
9fe4 - 9fe4 : SSTACK, main@stack

regions
00f7 - 00ff : 0000, 0000, zeropage
0801 - 0880 : 0853, 0052, startup
0880 - 9000 : 1d38, 1660, main

objects
00f7 - 00f7 : ZeroEnd, END:zeropage
00f7 - 00f7 : ZeroStart, START:zeropage
0801 - 0853 : startup, NATIVE_CODE:startup
0880 - 08ef : main, NATIVE_CODE:code
08ef - 095b : init, NATIVE_CODE:code
095b - 0970 : mmap_trampoline, NATIVE_CODE:code
0970 - 0987 : NMITrampoline, NATIVE_CODE:code
0987 - 098e : DoneTrampoline, NATIVE_CODE:code
098e - 09a5 : IRQTrampoline, NATIVE_CODE:code
09a5 - 09c9 : memset, NATIVE_CODE:code
09c9 - 0a1b : vic_setmode, NATIVE_CODE:code
0a1b - 0a4d : bm_init, NATIVE_CODE:code
0a4d - 0d24 : draw, NATIVE_CODE:code
0d24 - 0ebb : sin, NATIVE_CODE:code
0ebb - 1336 : bm_line, NATIVE_CODE:code
1336 - 13f5 : lmuldiv16s, NATIVE_CODE:code
13f5 - 190b : bmu_line, NATIVE_CODE:code
190b - 1925 : done, NATIVE_CODE:code
1925 - 1931 : getch, NATIVE_CODE:code
1931 - 1963 : convch, NATIVE_CODE:code
1963 - 199b : mul16by8, NATIVE_CODE:code
199b - 19e0 : freg, NATIVE_CODE:code
19e0 - 1acd : faddsub, NATIVE_CODE:code
1acd - 1b67 : crt_fmul, NATIVE_CODE:code
1b67 - 1b95 : crt_fmul8, NATIVE_CODE:code
1b95 - 1c8f : fround, NATIVE_CODE:code
1c8f - 1cdb : f32_to_i16, NATIVE_CODE:code
1cdb - 1cdc : spentry, DATA:data
1cdc - 1ce4 : Clip, DATA:data
1ce4 - 1ce5 : giocharmap, DATA:data
1ce5 - 1ced : ubitmask, DATA:data
1ced - 1cf5 : Screen, DATA:bss
1d00 - 1d38 : bitshift, DATA:data
1d38 - 1d38 : BSSStart, START:bss
1e00 - 1ee0 : BLIT_CODE, DATA:bss
1ee0 - 1ee0 : BSSEnd, END:bss
9fe4 - 9ff2 : bm_line@stack, BSS:bm_line@stack
9fe4 - 9fe4 : StackEnd, END:stack
9ff2 - a000 : sstack, STACK:sstack

objects by size
13f5 (0516) : bmu_line, NATIVE_CODE:code
0ebb (047b) : bm_line, NATIVE_CODE:code
0a4d (02d7) : draw, NATIVE_CODE:code
0d24 (0197) : sin, NATIVE_CODE:code
1b95 (00fa) : fround, NATIVE_CODE:code
19e0 (00ed) : faddsub, NATIVE_CODE:code
1e00 (00e0) : BLIT_CODE, DATA:bss
1336 (00bf) : lmuldiv16s, NATIVE_CODE:code
1acd (009a) : crt_fmul, NATIVE_CODE:code
0880 (006f) : main, NATIVE_CODE:code
08ef (006c) : init, NATIVE_CODE:code
0801 (0052) : startup, NATIVE_CODE:startup
09c9 (0052) : vic_setmode, NATIVE_CODE:code
1c8f (004c) : f32_to_i16, NATIVE_CODE:code
199b (0045) : freg, NATIVE_CODE:code
1963 (0038) : mul16by8, NATIVE_CODE:code
1d00 (0038) : bitshift, DATA:data
0a1b (0032) : bm_init, NATIVE_CODE:code
1931 (0032) : convch, NATIVE_CODE:code
1b67 (002e) : crt_fmul8, NATIVE_CODE:code
09a5 (0024) : memset, NATIVE_CODE:code
190b (001a) : done, NATIVE_CODE:code
0970 (0017) : NMITrampoline, NATIVE_CODE:code
098e (0017) : IRQTrampoline, NATIVE_CODE:code
095b (0015) : mmap_trampoline, NATIVE_CODE:code
9fe4 (000e) : bm_line@stack, BSS:bm_line@stack
9ff2 (000e) : sstack, STACK:sstack
1925 (000c) : getch, NATIVE_CODE:code
1cdc (0008) : Clip, DATA:data
1ce5 (0008) : ubitmask, DATA:data
1ced (0008) : Screen, DATA:bss
0987 (0007) : DoneTrampoline, NATIVE_CODE:code
1cdb (0001) : spentry, DATA:data
1ce4 (0001) : giocharmap, DATA:data
00f7 (0000) : ZeroEnd, END:zeropage
00f7 (0000) : ZeroStart, START:zeropage
1d38 (0000) : BSSStart, START:bss
1ee0 (0000) : BSSEnd, END:bss
9fe4 (0000) : StackEnd, END:stack
